Error listing directory '../': Path '../' is outside the allowed /sandbox directory.
