Error writing file '../outside_test.txt': Path '../outside_test.txt' is outside the allowed /sandbox directory.
