Error reading file '../test_fs_data/../../AGENTS.md': Path '../test_fs_data/../../AGENTS.md' is outside the allowed /sandbox directory.
