{'last_lines': ['', '2025-09-16 12:00:00 - Něco proběhlo', '2025-09-16 12:00:01 - Traceback (most recent call last):', '2025-09-16 12:00:01 -   File "main.py", line 1, in <module>', "2025-09-16 12:00:01 - ImportError: No module named 'foo'", '2025-09-16 12:00:02 - Další zpráva'], 'error_matches': [(2, '2025-09-16 12:00:01 - Traceback (most recent call last):', 'Traceback'), (4, "2025-09-16 12:00:01 - ImportError: No module named 'foo'", 'ImportError')]}