{'commit_result': "Commit created successfully with message: 'Test commit "
                  "message'",
 'log': 'commit d681420e0cbdc5404016f7a655d65ec64acc5faf\n'
        'Author: Test User <test@example.com>\n'
        'Date:   Sat Sep 20 03:10:32 2025 +0000\n'
        '\n'
        '    Test commit message\n'
        '\n'
        'commit 68522af1ac20ece2375c0ea572f3a48f9127a6ed\n'
        'Author: Test User <test@example.com>\n'
        'Date:   Sat Sep 20 03:10:32 2025 +0000\n'
        '\n'
        '    init'}
