{'status': 'success', 'message': 'Change proposed.'}
