Blokováno: Test nesmí spouštět nové procesy v test mode!
