Error reading file 'test_fs_data': Path 'test_fs_data' is a directory, not a file.
