Error reading file 'test_fs_data/non_existent.txt': File 'test_fs_data/non_existent.txt' not found.
