Blokováno: Test nesmí měnit proměnnou prostředí: LD_LIBRARY_PATH
