The path '<TMP>' is not a valid Git repository or does not exist.
The path '<TMP>' is not a valid Git repository or does not exist.


