Error: Unknown action 'unknown_action'. Supported actions are: create_branch, add, commit, status.
