Blokováno: Test se pokusil zapsat mimo povolený adresář: /.env
