Error listing directory 'test_fs_data/test_file.txt': Path 'test_fs_data/test_file.txt' is not a directory.
