{'ctypes': 'Import povolen (CHYBA)',
 'fcntl': 'Import povolen (CHYBA)',
 'resource': 'Import povolen (CHYBA)',
 'signal': 'Import povolen (CHYBA)'}
